nohup: ignoring input
Monitoreando cambios en ....
Setting up watches.  Beware: since -r was given, this may take a while!
Watches established.
Cambio detectado en auto_push.log (MODIFY). Subiendo a GitHub...
Watching new directory ./.git/objects/30/
Watching new directory ./.git/objects/34/
Watching new directory ./.git/objects/8d/
Watching new directory ./.git/objects/01/
Watching new directory ./.git/objects/31/
Watching new directory ./.git/objects/41/
Watching new directory ./.git/objects/0a/
Watching new directory ./.git/objects/08/
Watching new directory ./.git/objects/ae/
[main aeb9a35] Auto-update: 2026-08-08 20:06:20
 3 files changed, 18 insertions(+), 1 deletion(-)
 create mode 100644 auto_push.log
 create mode 100755 auto_push.sh
remote: Permission to alvijosei2/Glopsy-.git denied to alvijosei20-cpu.
fatal: unable to access 'https://github.com/alvijosei2/Glopsy-.git/': The requested URL returned error: 403
Cambios sincronizados correctamente.
Cambio detectado en auto_push.log (MODIFY). Subiendo a GitHub...
Watching new directory ./.git/objects/00/
Watching new directory ./.git/objects/af/
Watching new directory ./.git/objects/cf/
[main cfb5d97] Auto-update: 2026-08-08 20:06:24
 1 file changed, 16 insertions(+)
remote: Permission to alvijosei2/Glopsy-.git denied to alvijosei20-cpu.
fatal: unable to access 'https://github.com/alvijosei2/Glopsy-.git/': The requested URL returned error: 403
Cambios sincronizados correctamente.
Cambio detectado en 30 (CREATE,ISDIR). Subiendo a GitHub...
Watching new directory ./.git/objects/f5/
Watching new directory ./.git/objects/cb/
[main c6c139f] Auto-update: 2026-08-08 20:06:28
 1 file changed, 9 insertions(+)
remote: Permission to alvijosei2/Glopsy-.git denied to alvijosei20-cpu.
fatal: unable to access 'https://github.com/alvijosei2/Glopsy-.git/': The requested URL returned error: 403
Cambios sincronizados correctamente.
Cambio detectado en auto_push.log (MODIFY). Subiendo a GitHub...
Watching new directory ./.git/objects/1a/
Watching new directory ./.git/objects/f7/
[main f72535e] Auto-update: 2026-08-08 20:06:32
 1 file changed, 10 insertions(+)
remote: Permission to alvijosei2/Glopsy-.git denied to alvijosei20-cpu.
fatal: unable to access 'https://github.com/alvijosei2/Glopsy-.git/': The requested URL returned error: 403
Cambios sincronizados correctamente.
Cambio detectado en 34 (CREATE,ISDIR). Subiendo a GitHub...
Watching new directory ./.git/objects/3c/
Watching new directory ./.git/objects/29/
Watching new directory ./.git/objects/aa/
[main aaf5219] Auto-update: 2026-08-08 20:06:35
 1 file changed, 8 insertions(+)
remote: Permission to alvijosei2/Glopsy-.git denied to alvijosei20-cpu.
fatal: unable to access 'https://github.com/alvijosei2/Glopsy-.git/': The requested URL returned error: 403
Cambios sincronizados correctamente.
Cambio detectado en auto_push.log (MODIFY). Subiendo a GitHub...
Watching new directory ./.git/objects/88/
Watching new directory ./.git/objects/38/
Watching new directory ./.git/objects/fc/
[main fcbdb19] Auto-update: 2026-08-08 20:06:39
 1 file changed, 9 insertions(+)
remote: Permission to alvijosei2/Glopsy-.git denied to alvijosei20-cpu.
fatal: unable to access 'https://github.com/alvijosei2/Glopsy-.git/': The requested URL returned error: 403
Cambios sincronizados correctamente.
Cambio detectado en 8d (CREATE,ISDIR). Subiendo a GitHub...
Watching new directory ./.git/objects/96/
Watching new directory ./.git/objects/73/
Watching new directory ./.git/objects/32/
[main 32f70af] Auto-update: 2026-08-08 20:06:43
 1 file changed, 9 insertions(+)
remote: Permission to alvijosei2/Glopsy-.git denied to alvijosei20-cpu.
fatal: unable to access 'https://github.com/alvijosei2/Glopsy-.git/': The requested URL returned error: 403
Cambios sincronizados correctamente.
Cambio detectado en auto_push.log (MODIFY). Subiendo a GitHub...
Watching new directory ./.git/objects/58/
Watching new directory ./.git/objects/d1/
[main 96a66f5] Auto-update: 2026-08-08 20:06:47
 1 file changed, 9 insertions(+)
remote: Permission to alvijosei2/Glopsy-.git denied to alvijosei20-cpu.
fatal: unable to access 'https://github.com/alvijosei2/Glopsy-.git/': The requested URL returned error: 403
Cambios sincronizados correctamente.
Cambio detectado en 01 (CREATE,ISDIR). Subiendo a GitHub...
Watching new directory ./.git/objects/4e/
Watching new directory ./.git/objects/cc/
Watching new directory ./.git/objects/92/
[main 927ace2] Auto-update: 2026-08-08 20:06:51
 1 file changed, 8 insertions(+)
remote: Permission to alvijosei2/Glopsy-.git denied to alvijosei20-cpu.
fatal: unable to access 'https://github.com/alvijosei2/Glopsy-.git/': The requested URL returned error: 403
Cambios sincronizados correctamente.
Cambio detectado en auto_push.log (MODIFY). Subiendo a GitHub...
Watching new directory ./.git/objects/33/
Watching new directory ./.git/objects/81/
[main 818c294] Auto-update: 2026-08-08 20:06:55
 1 file changed, 11 insertions(+)
remote: Permission to alvijosei2/Glopsy-.git denied to alvijosei20-cpu.
fatal: unable to access 'https://github.com/alvijosei2/Glopsy-.git/': The requested URL returned error: 403
Cambios sincronizados correctamente.
Cambio detectado en 31 (CREATE,ISDIR). Subiendo a GitHub...
Watching new directory ./.git/objects/0c/
Watching new directory ./.git/objects/c4/
[main 41ba8c9] Auto-update: 2026-08-08 20:06:59
 1 file changed, 8 insertions(+)
remote: Permission to alvijosei2/Glopsy-.git denied to alvijosei20-cpu.
fatal: unable to access 'https://github.com/alvijosei2/Glopsy-.git/': The requested URL returned error: 403
Cambios sincronizados correctamente.
Cambio detectado en auto_push.log (MODIFY). Subiendo a GitHub...
Watching new directory ./.git/objects/37/
Watching new directory ./.git/objects/4b/
Watching new directory ./.git/objects/91/
[main 91ea6ac] Auto-update: 2026-08-08 20:07:02
 1 file changed, 8 insertions(+)
remote: Permission to alvijosei2/Glopsy-.git denied to alvijosei20-cpu.
fatal: unable to access 'https://github.com/alvijosei2/Glopsy-.git/': The requested URL returned error: 403
Cambios sincronizados correctamente.
Cambio detectado en 41 (CREATE,ISDIR). Subiendo a GitHub...
Watching new directory ./.git/objects/a5/
[main a58b07e] Auto-update: 2026-08-08 20:07:06
 1 file changed, 10 insertions(+)
remote: Permission to alvijosei2/Glopsy-.git denied to alvijosei20-cpu.
fatal: unable to access 'https://github.com/alvijosei2/Glopsy-.git/': The requested URL returned error: 403
Cambios sincronizados correctamente.
Cambio detectado en auto_push.log (MODIFY). Subiendo a GitHub...
Watching new directory ./.git/objects/f0/
Watching new directory ./.git/objects/48/
[main c694c42] Auto-update: 2026-08-08 20:07:10
 1 file changed, 7 insertions(+)
remote: Permission to alvijosei2/Glopsy-.git denied to alvijosei20-cpu.
fatal: unable to access 'https://github.com/alvijosei2/Glopsy-.git/': The requested URL returned error: 403
Cambios sincronizados correctamente.
Cambio detectado en 0a (CREATE,ISDIR). Subiendo a GitHub...
fatal: Unable to create '/data/data/com.termux/files/home/proyectos/.git/index.lock': File exists.

Another git process seems to be running in this repository, or the lock file may be stale
fatal: Unable to create '/data/data/com.termux/files/home/proyectos/.git/index.lock': File exists.

Another git process seems to be running in this repository, or the lock file may be stale
Watching new directory ./.git/objects/53/
remote: Permission to alvijosei2/Glopsy-.git denied to alvijosei20-cpu.
fatal: unable to access 'https://github.com/alvijosei2/Glopsy-.git/': The requested URL returned error: 403
Cambios sincronizados correctamente.
Cambio detectado en auto_push.log (MODIFY). Subiendo a GitHub...
Watching new directory ./.git/objects/b2/
Watching new directory ./.git/objects/1b/
Watching new directory ./.git/objects/b0/
[main eed1cac] Auto-update: 2026-08-08 20:08:42
 1 file changed, 6 insertions(+)
remote: Permission to alvijosei2/Glopsy-.git denied to alvijosei20-cpu.
fatal: unable to access 'https://github.com/alvijosei2/Glopsy-.git/': The requested URL returned error: 403
Cambios sincronizados correctamente.
Cambio detectado en 08 (CREATE,ISDIR). Subiendo a GitHub...
Watching new directory ./.git/objects/3f/
fatal: Unable to create '/data/data/com.termux/files/home/proyectos/.git/index.lock': File exists.

Another git process seems to be running in this repository, or the lock file may be stale
Watching new directory ./.git/objects/a7/
Watching new directory ./.git/objects/f1/
Couldn't watch new directory ./.git/objects/f1/: No such file or directory
remote: Permission to alvijosei2/Glopsy-.git denied to alvijosei20-cpu.
fatal: unable to access 'https://github.com/alvijosei2/Glopsy-.git/': The requested URL returned error: 403
Cambios sincronizados correctamente.
Cambio detectado en auto_push.log (MODIFY). Subiendo a GitHub...
Watching new directory ./.git/objects/e4/
[main e4aec8a] Auto-update: 2026-08-08 20:08:49
 1 file changed, 8 insertions(+)
Watching new directory ./.git/objects/b4/
Watching new directory ./.git/objects/67/
Watching new directory ./.git/objects/26/
remote: Permission to alvijosei2/Glopsy-.git denied to alvijosei20-cpu.
fatal: unable to access 'https://github.com/alvijosei2/Glopsy-.git/': The requested URL returned error: 403
Cambios sincronizados correctamente.
Cambio detectado en ae (CREATE,ISDIR). Subiendo a GitHub...
Watching new directory ./.git/objects/ad/
Watching new directory ./.git/objects/ff/
Watching new directory ./.git/objects/75/
[main 75e15ae] Auto-update: 2026-08-08 20:08:53
 1 file changed, 7 insertions(+)
Watching new directory ./.git/objects/6c/
Watching new directory ./.git/objects/e6/
Watching new directory ./.git/objects/b3/
remote: Permission to alvijosei2/Glopsy-.git denied to alvijosei20-cpu.
fatal: unable to access 'https://github.com/alvijosei2/Glopsy-.git/': The requested URL returned error: 403
Cambios sincronizados correctamente.
Cambio detectado en auto_push.log (MODIFY). Subiendo a GitHub...
Watching new directory ./.git/objects/0f/
Watching new directory ./.git/objects/cd/
Watching new directory ./.git/objects/d8/
[main d8af649] Auto-update: 2026-08-08 20:08:56
 1 file changed, 7 insertions(+)
Watching new directory ./.git/objects/13/
Watching new directory ./.git/objects/2b/
remote: Permission to alvijosei2/Glopsy-.git denied to alvijosei20-cpu.
fatal: unable to access 'https://github.com/alvijosei2/Glopsy-.git/': The requested URL returned error: 403
Cambios sincronizados correctamente.
Cambio detectado en auto_push.log (MODIFY). Subiendo a GitHub...
fatal: Unable to create '/data/data/com.termux/files/home/proyectos/.git/index.lock': File exists.

Another git process seems to be running in this repository, or the lock file may be stale
Watching new directory ./.git/objects/9d/
remote: Permission to alvijosei2/Glopsy-.git denied to alvijosei20-cpu.
fatal: unable to access 'https://github.com/alvijosei2/Glopsy-.git/': The requested URL returned error: 403
Cambios sincronizados correctamente.
Cambio detectado en auto_push.log (MODIFY). Subiendo a GitHub...
Watching new directory ./.git/objects/e3/
[main ae47fd8] Auto-update: 2026-08-08 20:09:04
 1 file changed, 8 insertions(+)
Watching new directory ./.git/objects/f8/
remote: Permission to alvijosei2/Glopsy-.git denied to alvijosei20-cpu.
fatal: unable to access 'https://github.com/alvijosei2/Glopsy-.git/': The requested URL returned error: 403
Cambios sincronizados correctamente.
Cambio detectado en auto_push.log (MODIFY). Subiendo a GitHub...
Watching new directory ./.git/objects/05/
Watching new directory ./.git/objects/78/
Watching new directory ./.git/objects/84/
[main 848d139] Auto-update: 2026-08-08 20:09:08
 1 file changed, 5 insertions(+)
Watching new directory ./.git/objects/14/
Watching new directory ./.git/objects/95/
remote: Permission to alvijosei2/Glopsy-.git denied to alvijosei20-cpu.
fatal: unable to access 'https://github.com/alvijosei2/Glopsy-.git/': The requested URL returned error: 403
Cambios sincronizados correctamente.
Cambio detectado en auto_push.log (MODIFY). Subiendo a GitHub...
Watching new directory ./.git/objects/c0/
[main c0303c3] Auto-update: 2026-08-08 20:09:12
 1 file changed, 7 insertions(+)
Watching new directory ./.git/objects/42/
Watching new directory ./.git/objects/72/
Watching new directory ./.git/objects/c5/
remote: Permission to alvijosei2/Glopsy-.git denied to alvijosei20-cpu.
fatal: unable to access 'https://github.com/alvijosei2/Glopsy-.git/': The requested URL returned error: 403
Cambios sincronizados correctamente.
Cambio detectado en auto_push.log (MODIFY). Subiendo a GitHub...
Watching new directory ./.git/objects/24/
Watching new directory ./.git/objects/17/
Watching new directory ./.git/objects/e1/
[main e1240d1] Auto-update: 2026-08-08 20:09:15
 1 file changed, 7 insertions(+)
Watching new directory ./.git/objects/e5/
Watching new directory ./.git/objects/d3/
Watching new directory ./.git/objects/22/
remote: Permission to alvijosei2/Glopsy-.git denied to alvijosei20-cpu.
fatal: unable to access 'https://github.com/alvijosei2/Glopsy-.git/': The requested URL returned error: 403
Cambios sincronizados correctamente.
Cambio detectado en 00 (CREATE,ISDIR). Subiendo a GitHub...
Watching new directory ./.git/objects/6e/
[main 8168230] Auto-update: 2026-08-08 20:09:19
 1 file changed, 7 insertions(+)
Watching new directory ./.git/objects/ef/
Watching new directory ./.git/objects/16/
Watching new directory ./.git/objects/98/
remote: Permission to alvijosei2/Glopsy-.git denied to alvijosei20-cpu.
fatal: unable to access 'https://github.com/alvijosei2/Glopsy-.git/': The requested URL returned error: 403
Cambios sincronizados correctamente.
Cambio detectado en auto_push.log (MODIFY). Subiendo a GitHub...
Watching new directory ./.git/objects/fd/
Watching new directory ./.git/objects/e9/
Watching new directory ./.git/objects/4d/
[main 4d3d97a] Auto-update: 2026-08-08 20:09:23
 1 file changed, 7 insertions(+)
Watching new directory ./.git/objects/c3/
Watching new directory ./.git/objects/50/
Watching new directory ./.git/objects/76/
remote: Permission to alvijosei2/Glopsy-.git denied to alvijosei20-cpu.
fatal: unable to access 'https://github.com/alvijosei2/Glopsy-.git/': The requested URL returned error: 403
Cambios sincronizados correctamente.
Cambio detectado en af (CREATE,ISDIR). Subiendo a GitHub...
Watching new directory ./.git/objects/54/
[main ec9e5cd] Auto-update: 2026-08-08 20:09:26
 1 file changed, 8 insertions(+)
remote: Permission to alvijosei2/Glopsy-.git denied to alvijosei20-cpu.
fatal: unable to access 'https://github.com/alvijosei2/Glopsy-.git/': The requested URL returned error: 403
Cambios sincronizados correctamente.
Cambio detectado en auto_push.log (MODIFY). Subiendo a GitHub...
Watching new directory ./.git/objects/5d/
